
================================================================================

Image Symbol Table

    Mapping Symbols

    Sym    Value        Execution Region

    $a     0x40000000   VECTORS
    $d     0x40000020   VECTORS
    $f     0x40000020   VECTORS
    $f     0x40000024   VECTORS
    $f     0x40000028   VECTORS
    $f     0x4000002c   VECTORS
    $f     0x40000030   VECTORS
    $f     0x40000034   VECTORS
    $f     0x40000038   VECTORS
    $a     0x4000003c   VECTORS
    $d     0x40000074   VECTORS
    $f     0x40000074   VECTORS
    $a     0x40000078   VECTORS
    $d     0x40000080   VECTORS
    $f     0x40000080   VECTORS
    $a     0x80000000   SDRAM
    $d     0x80000054   SDRAM
    $f     0x80000054   SDRAM
    $a     0x80000074   SDRAM
    $d     0x8000010c   SDRAM
    $t     0x8000011c   SDRAM
    $d     0x80000268   SDRAM
    $f     0x80000284   SDRAM
    $f     0x8000028c   SDRAM
    $f     0x80000290   SDRAM
    $f     0x80000294   SDRAM
    $f     0x80000298   SDRAM
    $f     0x8000029c   SDRAM
    $f     0x800002a0   SDRAM
    $f     0x800002a4   SDRAM
    $f     0x800002a8   SDRAM
    $f     0x800002ac   SDRAM
    $f     0x800002b0   SDRAM
    $f     0x800002b4   SDRAM
    $f     0x800002b8   SDRAM
    $f     0x800002bc   SDRAM
    $f     0x800002c0   SDRAM
    $f     0x800002c4   SDRAM
    $t     0x800002cc   SDRAM
    $b     0x800002fc   SDRAM
    $b     0x80000304   SDRAM
    $b     0x80000310   SDRAM
    $d     0x8000031c   SDRAM
    $t     0x80000320   SDRAM
    $b     0x800003b4   SDRAM
    $b     0x800003c0   SDRAM
    $b     0x800003dc   SDRAM
    $b     0x8000043e   SDRAM
    $b     0x80000458   SDRAM
    $b     0x8000045c   SDRAM
    $b     0x80000476   SDRAM
    $b     0x8000049e   SDRAM
    $b     0x80000502   SDRAM
    $b     0x80000508   SDRAM
    $d     0x8000056e   SDRAM
    $t     0x80000580   SDRAM
    $b     0x80000584   SDRAM
    $b     0x80000594   SDRAM
    $b     0x80000608   SDRAM
    $b     0x8000060c   SDRAM
    $d     0x80000612   SDRAM
    $t     0x80000620   SDRAM
    $d     0x80000622   SDRAM
    $t     0x80000624   SDRAM
    $d     0x80000626   SDRAM
    $t     0x80000628   SDRAM
    $d     0x80000650   SDRAM
    $t     0x80000654   SDRAM
    $a     0x80000668   SDRAM
    $b     0x80000690   SDRAM
    $t     0x80000690   SDRAM
    $d     0x80000694   SDRAM
    $f     0x80000694   SDRAM
    $t     0x80000698   SDRAM
    $d     0x8000069a   SDRAM
    $a     0x8000069c   SDRAM
    $t     0x800006ac   SDRAM
    $d     0x800006ae   SDRAM
    $a     0x800006b0   SDRAM
    $t     0x800006b8   SDRAM
    $b     0x800006bc   SDRAM
    $b     0x800006c2   SDRAM
    $b     0x800006d4   SDRAM
    $b     0x800006de   SDRAM
    $b     0x800006ea   SDRAM
    $b     0x800006f6   SDRAM
    $b     0x800006fa   SDRAM
    $b     0x800006fe   SDRAM
    $b     0x80000706   SDRAM
    $b     0x8000070c   SDRAM
    $b     0x80000718   SDRAM
    $b     0x80000724   SDRAM
    $b     0x8000072e   SDRAM
    $b     0x80000738   SDRAM
    $b     0x8000073e   SDRAM
    $b     0x80000742   SDRAM
    $b     0x80000746   SDRAM
    $b     0x8000074a   SDRAM
    $b     0x8000074e   SDRAM
    $b     0x80000752   SDRAM
    $b     0x80000756   SDRAM
    $b     0x8000075a   SDRAM
    $b     0x8000076c   SDRAM
    $b     0x80000770   SDRAM
    $b     0x80000774   SDRAM
    $d     0x8000077e   SDRAM
    $t     0x80000784   SDRAM
    $d     0x80000786   SDRAM
    $a     0x80000788   SDRAM
    $t     0x80000818   SDRAM
    $d     0x8000081a   SDRAM
    $a     0x8000081c   SDRAM
    $t     0x80000890   SDRAM
    $d     0x80000892   SDRAM
    $a     0x80000894   SDRAM
    $d     0x800008a4   SDRAM
    $f     0x800008a4   SDRAM
    $t     0x800008ac   SDRAM
    $d     0x800008ae   SDRAM
    $a     0x800008b0   SDRAM
    $d     0x800008b8   SDRAM
    $t     0x800008bc   SDRAM
    $d     0x800008be   SDRAM
    $a     0x800008c0   SDRAM
    $t     0x800008c4   SDRAM
    $d     0x800008c6   SDRAM
    $a     0x800008c8   SDRAM
    $d     0x800008e4   SDRAM
    $f     0x800008e4   SDRAM
    $a     0x800008e8   SDRAM
    $d     0x800008f0   SDRAM
    $f     0x800008f0   SDRAM
    $a     0x800008f4   SDRAM
    $d     0x800008fc   SDRAM
    $f     0x800008fc   SDRAM
    $t     0x80000900   SDRAM
    $d     0x80000946   SDRAM
    $a     0x80000948   SDRAM
    $t     0x80000974   SDRAM
    $d     0x8000097a   SDRAM
    $a     0x8000097c   SDRAM
    $t     0x8000099c   SDRAM
    $d     0x800009a0   SDRAM
    $t     0x800009b0   SDRAM
    $d     0x800009b2   SDRAM
    $a     0x800009b4   SDRAM
    $d     0x800009cc   SDRAM
    $f     0x800009d4   SDRAM
    $f     0x800009e4   SDRAM
    $f     0x800009f4   SDRAM
    $d     0x80000a10   SDRAM
    $f     0x80000ab0   SDRAM
    $d     0x80000ac4   SDRAM
    $f     0x80000ac4   SDRAM
    $d     0x80000ad8   SDRAM
    $f     0x80000ad8   SDRAM
    $d     0x80000aec   SDRAM
    $f     0x80000aec   SDRAM
    $d     0x80000b00   SDRAM
    $f     0x80000b00   SDRAM
    $d     0x80000b14   SDRAM
    $f     0x80000b14   SDRAM
    $d     0x80000b28   SDRAM
    $f     0x80000b28   SDRAM
    $d     0x80000b3c   SDRAM
    $f     0x80000b3c   SDRAM
    $d     0x80000b50   SDRAM
    $f     0x80000b50   SDRAM
    $d     0x80000b64   SDRAM
    $d     0x80050000   HEAP
    $d     0x80070000   STACK

    Local Symbols

    Symbol Name                              Value     Ov Type        Size  Object(Section)

    E:\os\h-os-V1.2гн10.29\boot\heap.s       0x00000000   Number         0  heap.o ABSOLUTE
    Heap                                     0x80050000   Data           4  heap.o(Heap)
    E:\os\h-os-V1.2гн10.29\boot\stack.s      0x00000000   Number         0  stack.o ABSOLUTE
    Stacks                                   0x80070000   Data           4  stack.o(Stacks)
    E:\os\h-os-V1.2гн10.29\boot\Startup.s    0x00000000   Number         0  Startup.o ABSOLUTE
    Startup                                  0x80000000   ARM Code     116  Startup.o(Startup)
    <Anonymous Symbol>                       0x00000000   Data          16  Startup.o(.debug_abbrev)
    <Anonymous Symbol>                       0x00000000   Data         108  Startup.o(.debug_line)
    <Anonymous Symbol>                       0x00000000   Data         112  Startup.o(.debug_info)
    Len_ABT_Stack                            0x00000000   Number         0  Startup.o ABSOLUTE
    Len_FIQ_Stack                            0x00000000   Number         0  Startup.o ABSOLUTE
    Len_SVC_Stack                            0x00000000   Number         0  Startup.o ABSOLUTE
    Len_UND_Stack                            0x00000000   Number         0  Startup.o ABSOLUTE
    Offset_ABT_Stack                         0x00000000   Number         0  Startup.o ABSOLUTE
    Offset_FIQ_Stack                         0x00000000   Number         0  Startup.o ABSOLUTE
    Offset_IRQ_Stack                         0x00000000   Number         0  Startup.o ABSOLUTE
    Offset_SVC_Stack                         0x00000000   Number         0  Startup.o ABSOLUTE
    Offset_UND_Stack                         0x00000000   Number         0  Startup.o ABSOLUTE
    Mode_USR                                 0x00000010   Number         0  Startup.o ABSOLUTE
    Mode_FIQ                                 0x00000011   Number         0  Startup.o ABSOLUTE
    Mode_IRQ                                 0x00000012   Number         0  Startup.o ABSOLUTE
    Mode_SVC                                 0x00000013   Number         0  Startup.o ABSOLUTE
    Mode_ABT                                 0x00000017   Number         0  Startup.o ABSOLUTE
    Mode_UND                                 0x0000001b   Number         0  Startup.o ABSOLUTE
    Mode_SYS                                 0x0000001f   Number         0  Startup.o ABSOLUTE
    F_Bit                                    0x00000040   Number         0  Startup.o ABSOLUTE
    Len_USR_Stack                            0x00000040   Number         0  Startup.o ABSOLUTE
    I_Bit                                    0x00000080   Number         0  Startup.o ABSOLUTE
    Len_IRQ_Stack                            0x00000100   Number         0  Startup.o ABSOLUTE
    Offset_USR_Stack                         0x00000100   Number         0  Startup.o ABSOLUTE
    Instruct_2                               0x80000004   ARM Code       0  Startup.o(Startup)
    PINSEL2                                  0xe002c014   Number         0  Startup.o ABSOLUTE
    MEMMAP                                   0xe01fc040   Number         0  Startup.o ABSOLUTE
    BCFG0                                    0xffe00000   Number         0  Startup.o ABSOLUTE
    BCFG1                                    0xffe00004   Number         0  Startup.o ABSOLUTE
    BCFG2                                    0xffe00008   Number         0  Startup.o ABSOLUTE
    BCFG3                                    0xffe0000c   Number         0  Startup.o ABSOLUTE
    E:\os\h-os-V1.2гн10.29\boot\prasm.s      0x00000000   Number         0  prasm.o ABSOLUTE
    prcon                                    0x80000900   Thumb Code   176  prasm.o(prcon)
    <Anonymous Symbol>                       0x00000070   Data         112  prasm.o(.debug_info)
    <Anonymous Symbol>                       0x00000010   Data          16  prasm.o(.debug_abbrev)
    <Anonymous Symbol>                       0x0000006c   Data         156  prasm.o(.debug_line)
    Save_CPU_ARM                             0x80000948   ARM Code       0  prasm.o(prcon)
    Save_CPU_Thumb                           0x80000974   Thumb Code     0  prasm.o(prcon)
    Restore_CPU_ARM                          0x8000097c   ARM Code       0  prasm.o(prcon)
    Restore_CPU_Thumb                        0x8000099c   Thumb Code     0  prasm.o(prcon)
    E:\os\h-os-V1.2гн10.29\boot\vectors.s    0x00000000   Number         0  vectors.o ABSOLUTE
    <Anonymous Symbol>                       0x00000108   Data         116  vectors.o(.debug_line)
    <Anonymous Symbol>                       0x00000020   Data          16  vectors.o(.debug_abbrev)
    Vect                                     0x40000000   ARM Code     108  vectors.o(Vect)
    <Anonymous Symbol>                       0x000000e0   Data         112  vectors.o(.debug_info)
    Reset_Addr                               0x40000020   Data           4  vectors.o(Vect)
    Undefined_Addr                           0x40000024   Data           4  vectors.o(Vect)
    SWI_Addr                                 0x40000028   Data           4  vectors.o(Vect)
    Prefetch_Addr                            0x4000002c   Data           4  vectors.o(Vect)
    Abort_Addr                               0x40000030   Data           4  vectors.o(Vect)
    IRQ_Addr                                 0x40000034   Data           4  vectors.o(Vect)
    FIQ_Addr                                 0x40000038   Data           4  vectors.o(Vect)
    Undefined_Handler                        0x4000003c   ARM Code       0  vectors.o(Vect)
    SWI_Handler                              0x40000040   ARM Code       0  vectors.o(Vect)
    Prefetch_Handler                         0x40000044   ARM Code       0  vectors.o(Vect)
    Abort_Handler                            0x40000048   ARM Code       0  vectors.o(Vect)
    IRQ_Handler                              0x4000004c   ARM Code       0  vectors.o(Vect)
    FIQ_Handler                              0x4000005c   ARM Code       0  vectors.o(Vect)
    E:\os\h-os-V1.2гн10.29\boot\start.c      0x00000000   Number         0  start.o ABSOLUTE
    .text                                    0x8000011c   Thumb Code     0  start.o(.text)
    C$debug_frame49                          0x00000000   Data           0  start.o(.debug_frame)
    C$debug_macinfo17                        0x00000000   Data           0  start.o(.debug_macinfo)
    C$debug_pubnames46                       0x00000000   Data           0  start.o(.debug_pubnames)
    C$debug_abbrev0                          0x00000030   Data           0  start.o(.debug_abbrev)
    C$debug_macinfo35                        0x00000034   Data           0  start.o(.debug_macinfo)
    C$debug_info15                           0x00000150   Data           0  start.o(.debug_info)
    C$debug_line44                           0x0000017c   Data           0  start.o(.debug_line)
    C$debug_pubnames16                       0x00000208   Data           0  start.o(.debug_pubnames)
    C$debug_line14                           0x000002d0   Data           0  start.o(.debug_line)
    C$debug_line32                           0x0000031c   Data           0  start.o(.debug_line)
    C$debug_pubnames34                       0x00000338   Data           0  start.o(.debug_pubnames)
    C$debug_info45                           0x00000360   Data           0  start.o(.debug_info)
    C$debug_line20                           0x00000390   Data           0  start.o(.debug_line)
    C$debug_pubnames22                       0x0000039c   Data           0  start.o(.debug_pubnames)
    C$debug_info33                           0x0000072c   Data           0  start.o(.debug_info)
    C$debug_info21                           0x00000864   Data           0  start.o(.debug_info)
    C$debug_macinfo23                        0x00000ab0   Data           0  start.o(.debug_macinfo)
    E:\os\h-os-V1.2гн10.29\driver\rtc.c      0x00000000   Number         0  rtc.o ABSOLUTE
    C$debug_macinfo17                        0x00000000   Data           0  start.o(.debug_macinfo)
    C$debug_abbrev0                          0x00000030   Data           0  start.o(.debug_abbrev)
    C$debug_macinfo35                        0x00000034   Data           0  start.o(.debug_macinfo)
    C$debug_info15                           0x00000150   Data           0  start.o(.debug_info)
    C$debug_pubnames16                       0x00000208   Data           0  start.o(.debug_pubnames)
    C$debug_line14                           0x000002d0   Data           0  start.o(.debug_line)
    C$debug_line32                           0x0000031c   Data           0  start.o(.debug_line)
    C$debug_pubnames34                       0x00000338   Data           0  start.o(.debug_pubnames)
    C$debug_line20                           0x00000390   Data           0  start.o(.debug_line)
    C$debug_pubnames22                       0x0000039c   Data           0  start.o(.debug_pubnames)
    C$debug_info33                           0x0000072c   Data           0  start.o(.debug_info)
    C$debug_info21                           0x00000864   Data           0  start.o(.debug_info)
    C$debug_macinfo23                        0x00000ab0   Data           0  start.o(.debug_macinfo)
    E:\os\h-os-V1.2гн10.29\user\main.c       0x00000000   Number         0  main.o ABSOLUTE
    .text                                    0x800002cc   Thumb Code     0  main.o(.text)
    C$debug_loc336                           0x00000000   Data           0  main.o(.debug_loc)
    C$debug_macinfo17                        0x00000000   Data           0  start.o(.debug_macinfo)
    C$debug_abbrev0                          0x00000030   Data           0  start.o(.debug_abbrev)
    C$debug_macinfo35                        0x00000034   Data           0  start.o(.debug_macinfo)
    C$debug_info15                           0x00000150   Data           0  start.o(.debug_info)
    C$debug_frame337                         0x000001cc   Data           0  main.o(.debug_frame)
    C$debug_pubnames16                       0x00000208   Data           0  start.o(.debug_pubnames)
    C$debug_line14                           0x000002d0   Data           0  start.o(.debug_line)
    C$debug_line110                          0x0000031c   Data           0  start.o(.debug_line)
    C$debug_line134                          0x0000031c   Data           0  start.o(.debug_line)
    C$debug_line146                          0x0000031c   Data           0  start.o(.debug_line)
    C$debug_line194                          0x0000031c   Data           0  start.o(.debug_line)
    C$debug_line218                          0x0000031c   Data           0  start.o(.debug_line)
    C$debug_line230                          0x0000031c   Data           0  start.o(.debug_line)
    C$debug_line278                          0x0000031c   Data           0  start.o(.debug_line)
    C$debug_line302                          0x0000031c   Data           0  start.o(.debug_line)
    C$debug_line314                          0x0000031c   Data           0  start.o(.debug_line)
    C$debug_line32                           0x0000031c   Data           0  start.o(.debug_line)
    C$debug_line56                           0x0000031c   Data           0  start.o(.debug_line)
    C$debug_line68                           0x0000031c   Data           0  start.o(.debug_line)
    C$debug_pubnames34                       0x00000338   Data           0  start.o(.debug_pubnames)
    C$debug_line182                          0x00000390   Data           0  start.o(.debug_line)
    C$debug_line20                           0x00000390   Data           0  start.o(.debug_line)
    C$debug_line266                          0x00000390   Data           0  start.o(.debug_line)
    C$debug_line98                           0x00000390   Data           0  start.o(.debug_line)
    C$debug_pubnames22                       0x0000039c   Data           0  start.o(.debug_pubnames)
    C$debug_pubnames334                      0x000003e0   Data           0  main.o(.debug_pubnames)
    C$debug_pubnames82                       0x000003fc   Data           0  main.o(.debug_pubnames)
    C$debug_line2                            0x00000414   Data           0  main.o(.debug_line)
    C$debug_line332                          0x00000598   Data           0  main.o(.debug_line)
    C$debug_line122                          0x00000648   Data           0  main.o(.debug_line)
    C$debug_line206                          0x00000648   Data           0  main.o(.debug_line)
    C$debug_line290                          0x00000648   Data           0  main.o(.debug_line)
    C$debug_line44                           0x00000648   Data           0  main.o(.debug_line)
    C$debug_line80                           0x000006c8   Data           0  main.o(.debug_line)
    C$debug_info33                           0x0000072c   Data           0  start.o(.debug_info)
    C$debug_info21                           0x00000864   Data           0  start.o(.debug_info)
    C$debug_info3                            0x00000970   Data           0  main.o(.debug_info)
    C$debug_info333                          0x000009d8   Data           0  main.o(.debug_info)
    C$debug_macinfo23                        0x00000ab0   Data           0  start.o(.debug_macinfo)
    C$debug_info81                           0x00000ad0   Data           0  main.o(.debug_info)
    C$debug_macinfo5                         0x00000c10   Data           0  main.o(.debug_macinfo)
    C$debug_macinfo47                        0x00000dd4   Data           0  main.o(.debug_macinfo)
    C$debug_macinfo83                        0x00000ffc   Data           0  main.o(.debug_macinfo)
    E:\os\h-os-V1.2гн10.29\driver\GPIO.c     0x00000000   Number         0  GPIO.o ABSOLUTE
    C$debug_macinfo17                        0x00000000   Data           0  start.o(.debug_macinfo)
    C$debug_abbrev0                          0x00000030   Data           0  start.o(.debug_abbrev)
    C$debug_macinfo35                        0x00000034   Data           0  start.o(.debug_macinfo)
    C$debug_info15                           0x00000150   Data           0  start.o(.debug_info)
    C$debug_pubnames16                       0x00000208   Data           0  start.o(.debug_pubnames)
    C$debug_line14                           0x000002d0   Data           0  start.o(.debug_line)
    C$debug_line32                           0x0000031c   Data           0  start.o(.debug_line)
    C$debug_line44                           0x0000031c   Data           0  start.o(.debug_line)
    C$debug_pubnames34                       0x00000338   Data           0  start.o(.debug_pubnames)
    C$debug_line20                           0x00000390   Data           0  start.o(.debug_line)
    C$debug_pubnames22                       0x0000039c   Data           0  start.o(.debug_pubnames)
    C$debug_info33                           0x0000072c   Data           0  start.o(.debug_info)
    C$debug_info21                           0x00000864   Data           0  start.o(.debug_info)
    C$debug_macinfo23                        0x00000ab0   Data           0  start.o(.debug_macinfo)
    E:\os\h-os-V1.2гн10.29\driver\interrupt.c 0x00000000   Number         0  interrupt.o ABSOLUTE
    C$debug_abbrev0                          0x00000030   Data           0  start.o(.debug_abbrev)
    E:\os\h-os-V1.2гн10.29\driver\AD.c       0x00000000   Number         0  AD.o ABSOLUTE
    C$debug_macinfo17                        0x00000000   Data           0  start.o(.debug_macinfo)
    C$debug_abbrev0                          0x00000030   Data           0  start.o(.debug_abbrev)
    C$debug_macinfo35                        0x00000034   Data           0  start.o(.debug_macinfo)
    C$debug_info15                           0x00000150   Data           0  start.o(.debug_info)
    C$debug_pubnames16                       0x00000208   Data           0  start.o(.debug_pubnames)
    C$debug_line14                           0x000002d0   Data           0  start.o(.debug_line)
    C$debug_line32                           0x0000031c   Data           0  start.o(.debug_line)
    C$debug_line44                           0x0000031c   Data           0  start.o(.debug_line)
    C$debug_pubnames34                       0x00000338   Data           0  start.o(.debug_pubnames)
    C$debug_line20                           0x00000390   Data           0  start.o(.debug_line)
    C$debug_pubnames22                       0x0000039c   Data           0  start.o(.debug_pubnames)
    C$debug_info33                           0x0000072c   Data           0  start.o(.debug_info)
    C$debug_info21                           0x00000864   Data           0  start.o(.debug_info)
    C$debug_macinfo23                        0x00000ab0   Data           0  start.o(.debug_macinfo)
    E:\os\h-os-V1.2гн10.29\driver\timer.c    0x00000000   Number         0  timer.o ABSOLUTE
    C$debug_abbrev0                          0x00000030   Data           0  start.o(.debug_abbrev)
    E:\os\h-os-V1.2гн10.29\kernel\OS_kernel.c 0x00000000   Number         0  OS_kernel.o ABSOLUTE
    .constdata                               0x800009cc   Data           0  OS_kernel.o(.constdata)
    .bss                                     0x80000b64   Data           0  OS_kernel.o(.bss)
    .text                                    0x80000320   Thumb Code     0  OS_kernel.o(.text)
    .bss                                     0x80000c88   Data           0  OS_kernel.o(.bss)
    C$debug_macinfo17                        0x00000000   Data           0  start.o(.debug_macinfo)
    C$debug_abbrev0                          0x00000030   Data           0  start.o(.debug_abbrev)
    C$debug_macinfo35                        0x00000034   Data           0  start.o(.debug_macinfo)
    C$debug_loc60                            0x000000a8   Data           0  OS_kernel.o(.debug_loc)
    C$debug_info15                           0x00000150   Data           0  start.o(.debug_info)
    C$debug_pubnames16                       0x00000208   Data           0  start.o(.debug_pubnames)
    C$debug_frame61                          0x00000228   Data           0  OS_kernel.o(.debug_frame)
    C$debug_line14                           0x000002d0   Data           0  start.o(.debug_line)
    C$debug_line32                           0x0000031c   Data           0  start.o(.debug_line)
    C$debug_line44                           0x0000031c   Data           0  start.o(.debug_line)
    C$debug_pubnames34                       0x00000338   Data           0  start.o(.debug_pubnames)
    C$debug_line20                           0x00000390   Data           0  start.o(.debug_line)
    C$debug_pubnames22                       0x0000039c   Data           0  start.o(.debug_pubnames)
    C$debug_pubnames4                        0x00000424   Data           0  OS_kernel.o(.debug_pubnames)
    C$debug_pubnames58                       0x0000056c   Data           0  OS_kernel.o(.debug_pubnames)
    C$debug_info33                           0x0000072c   Data           0  start.o(.debug_info)
    C$debug_line2                            0x000007e0   Data           0  OS_kernel.o(.debug_line)
    C$debug_info21                           0x00000864   Data           0  start.o(.debug_info)
    C$debug_line56                           0x000008c0   Data           0  OS_kernel.o(.debug_line)
    C$debug_macinfo23                        0x00000ab0   Data           0  start.o(.debug_macinfo)
    C$debug_info3                            0x00000b8c   Data           0  OS_kernel.o(.debug_info)
    C$debug_info57                           0x00000e14   Data           0  OS_kernel.o(.debug_info)
    C$debug_macinfo5                         0x000010f8   Data           0  OS_kernel.o(.debug_macinfo)
    .constdata$31                            0x800009cc   Data           0  OS_kernel.o(.constdata)
    .bss$2                                   0x80000b64   Data           0  OS_kernel.o(.bss)
    .bss$27                                  0x80000c88   Data           0  OS_kernel.o(.bss)
    E:\os\h-os-V1.2гн10.29\kernel\OS_task.c  0x00000000   Number         0  OS_task.o ABSOLUTE
    .constdata                               0x800009d0   Data           0  OS_task.o(.constdata)
    .bss                                     0x80000fac   Data           0  OS_task.o(.bss)
    .bss                                     0x8000113c   Data           0  OS_task.o(.bss)
    .bss                                     0x80000c8c   Data           0  OS_task.o(.bss)
    C$debug_macinfo17                        0x00000000   Data           0  start.o(.debug_macinfo)
    C$debug_abbrev0                          0x00000030   Data           0  start.o(.debug_abbrev)
    C$debug_macinfo35                        0x00000034   Data           0  start.o(.debug_macinfo)
    C$debug_info15                           0x00000150   Data           0  start.o(.debug_info)
    C$debug_pubnames16                       0x00000208   Data           0  start.o(.debug_pubnames)
    C$debug_line14                           0x000002d0   Data           0  start.o(.debug_line)
    C$debug_line110                          0x0000031c   Data           0  start.o(.debug_line)
    C$debug_line134                          0x0000031c   Data           0  start.o(.debug_line)
    C$debug_line146                          0x0000031c   Data           0  start.o(.debug_line)
    C$debug_line194                          0x0000031c   Data           0  start.o(.debug_line)
    C$debug_line218                          0x0000031c   Data           0  start.o(.debug_line)
    C$debug_line230                          0x0000031c   Data           0  start.o(.debug_line)
    C$debug_line278                          0x0000031c   Data           0  start.o(.debug_line)
    C$debug_line302                          0x0000031c   Data           0  start.o(.debug_line)
    C$debug_line314                          0x0000031c   Data           0  start.o(.debug_line)
    C$debug_line32                           0x0000031c   Data           0  start.o(.debug_line)
    C$debug_line56                           0x0000031c   Data           0  start.o(.debug_line)
    C$debug_line68                           0x0000031c   Data           0  start.o(.debug_line)
    C$debug_pubnames34                       0x00000338   Data           0  start.o(.debug_pubnames)
    C$debug_line182                          0x00000390   Data           0  start.o(.debug_line)
    C$debug_line20                           0x00000390   Data           0  start.o(.debug_line)
    C$debug_line266                          0x00000390   Data           0  start.o(.debug_line)
    C$debug_line98                           0x00000390   Data           0  start.o(.debug_line)
    C$debug_pubnames82                       0x000003fc   Data           0  main.o(.debug_pubnames)
    C$debug_line122                          0x00000648   Data           0  main.o(.debug_line)
    C$debug_line206                          0x00000648   Data           0  main.o(.debug_line)
    C$debug_line290                          0x00000648   Data           0  main.o(.debug_line)
    C$debug_line44                           0x00000648   Data           0  main.o(.debug_line)
    C$debug_pubnames4                        0x000006c0   Data           0  OS_task.o(.debug_pubnames)
    C$debug_line80                           0x000006c8   Data           0  main.o(.debug_line)
    C$debug_pubnames22                       0x00000708   Data           0  OS_task.o(.debug_pubnames)
    C$debug_info33                           0x0000072c   Data           0  start.o(.debug_info)
    C$debug_line2                            0x00000a6c   Data           0  OS_task.o(.debug_line)
    C$debug_macinfo23                        0x00000ab0   Data           0  start.o(.debug_macinfo)
    C$debug_info81                           0x00000ad0   Data           0  main.o(.debug_info)
    C$debug_macinfo47                        0x00000dd4   Data           0  main.o(.debug_macinfo)
    C$debug_macinfo83                        0x00000ffc   Data           0  main.o(.debug_macinfo)
    C$debug_macinfo5                         0x000012fc   Data           0  OS_task.o(.debug_macinfo)
    C$debug_info21                           0x0000147c   Data           0  OS_task.o(.debug_info)
    C$debug_info3                            0x00001590   Data           0  OS_task.o(.debug_info)
    .constdata$6                             0x800009d0   Data           0  OS_task.o(.constdata)
    .bss$12                                  0x80000c8c   Data           0  OS_task.o(.bss)
    .bss$17                                  0x80000fac   Data           0  OS_task.o(.bss)
    .bss$22                                  0x8000113c   Data           0  OS_task.o(.bss)
    E:\os\h-os-V1.2гн10.29\user\task00\task00_main.c 0x00000000   Number         0  task00_main.o ABSOLUTE
    .data                                    0x80000b50   Data           0  task00_main.o(.data)
    .bss                                     0x8000133c   Data           0  task00_main.o(.bss)
    .data                                    0x80000b3c   Data           0  task00_main.o(.data)
    .data                                    0x80000ad8   Data           0  task00_main.o(.data)
    .data                                    0x80000aec   Data           0  task00_main.o(.data)
    .data                                    0x80000b14   Data           0  task00_main.o(.data)
    .text                                    0x80000580   Thumb Code     0  task00_main.o(.text)
    .data                                    0x80000b28   Data           0  task00_main.o(.data)
    .data                                    0x80000ab0   Data           0  task00_main.o(.data)
    .constdata                               0x80000a10   Data           0  task00_main.o(.constdata)
    .data                                    0x80000ac4   Data           0  task00_main.o(.data)
    .data                                    0x80000b00   Data           0  task00_main.o(.data)
    C$debug_macinfo17                        0x00000000   Data           0  start.o(.debug_macinfo)
    C$debug_abbrev0                          0x00000030   Data           0  start.o(.debug_abbrev)
    C$debug_macinfo35                        0x00000034   Data           0  start.o(.debug_macinfo)
    C$debug_info15                           0x00000150   Data           0  start.o(.debug_info)
    C$debug_pubnames16                       0x00000208   Data           0  start.o(.debug_pubnames)
    C$debug_line14                           0x000002d0   Data           0  start.o(.debug_line)
    C$debug_line116                          0x0000031c   Data           0  start.o(.debug_line)
    C$debug_line140                          0x0000031c   Data           0  start.o(.debug_line)
    C$debug_line152                          0x0000031c   Data           0  start.o(.debug_line)
    C$debug_line200                          0x0000031c   Data           0  start.o(.debug_line)
    C$debug_line224                          0x0000031c   Data           0  start.o(.debug_line)
    C$debug_line236                          0x0000031c   Data           0  start.o(.debug_line)
    C$debug_line284                          0x0000031c   Data           0  start.o(.debug_line)
    C$debug_line308                          0x0000031c   Data           0  start.o(.debug_line)
    C$debug_line32                           0x0000031c   Data           0  start.o(.debug_line)
    C$debug_line320                          0x0000031c   Data           0  start.o(.debug_line)
    C$debug_line56                           0x0000031c   Data           0  start.o(.debug_line)
    C$debug_line68                           0x0000031c   Data           0  start.o(.debug_line)
    C$debug_pubnames34                       0x00000338   Data           0  start.o(.debug_pubnames)
    C$debug_line104                          0x00000390   Data           0  start.o(.debug_line)
    C$debug_line188                          0x00000390   Data           0  start.o(.debug_line)
    C$debug_line20                           0x00000390   Data           0  start.o(.debug_line)
    C$debug_line272                          0x00000390   Data           0  start.o(.debug_line)
    C$debug_pubnames22                       0x0000039c   Data           0  start.o(.debug_pubnames)
    C$debug_pubnames88                       0x000003fc   Data           0  main.o(.debug_pubnames)
    C$debug_frame343                         0x00000420   Data           0  task00_main.o(.debug_frame)
    C$debug_line128                          0x00000648   Data           0  main.o(.debug_line)
    C$debug_line212                          0x00000648   Data           0  main.o(.debug_line)
    C$debug_line296                          0x00000648   Data           0  main.o(.debug_line)
    C$debug_line44                           0x00000648   Data           0  main.o(.debug_line)
    C$debug_loc342                           0x000006a0   Data           0  task00_main.o(.debug_loc)
    C$debug_line86                           0x000006c8   Data           0  main.o(.debug_line)
    C$debug_info33                           0x0000072c   Data           0  start.o(.debug_info)
    C$debug_pubnames4                        0x0000074c   Data           0  task00_main.o(.debug_pubnames)
    C$debug_info21                           0x00000864   Data           0  start.o(.debug_info)
    C$debug_pubnames340                      0x00000874   Data           0  task00_main.o(.debug_pubnames)
    C$debug_macinfo23                        0x00000ab0   Data           0  start.o(.debug_macinfo)
    C$debug_info87                           0x00000ad0   Data           0  main.o(.debug_info)
    C$debug_line2                            0x00000bf4   Data           0  task00_main.o(.debug_line)
    C$debug_line338                          0x00000db0   Data           0  task00_main.o(.debug_line)
    C$debug_macinfo47                        0x00000dd4   Data           0  main.o(.debug_macinfo)
    C$debug_macinfo89                        0x00000ffc   Data           0  main.o(.debug_macinfo)
    C$debug_macinfo5                         0x00001524   Data           0  task00_main.o(.debug_macinfo)
    C$debug_info3                            0x00001674   Data           0  task00_main.o(.debug_info)
    C$debug_info339                          0x0000190c   Data           0  task00_main.o(.debug_info)
    .constdata$1                             0x80000a10   Data           0  task00_main.o(.constdata)
    .data$5                                  0x80000ab0   Data           0  task00_main.o(.data)
    .data$10                                 0x80000ac4   Data           0  task00_main.o(.data)
    .data$15                                 0x80000ad8   Data           0  task00_main.o(.data)
    .data$20                                 0x80000aec   Data           0  task00_main.o(.data)
    .data$25                                 0x80000b00   Data           0  task00_main.o(.data)
    .data$30                                 0x80000b14   Data           0  task00_main.o(.data)
    .data$35                                 0x80000b28   Data           0  task00_main.o(.data)
    .data$40                                 0x80000b3c   Data           0  task00_main.o(.data)
    .data$45                                 0x80000b50   Data           0  task00_main.o(.data)
    .bss$2                                   0x8000133c   Data           0  task00_main.o(.bss)
    E:\os\h-os-V1.2гн10.29\user\task01\task01_main.c 0x00000000   Number         0  task01_main.o ABSOLUTE
    .text                                    0x80000620   Thumb Code     0  task01_main.o(.text)
    C$debug_macinfo17                        0x00000000   Data           0  start.o(.debug_macinfo)
    C$debug_abbrev0                          0x00000030   Data           0  start.o(.debug_abbrev)
    C$debug_macinfo35                        0x00000034   Data           0  start.o(.debug_macinfo)
    C$debug_info15                           0x00000150   Data           0  start.o(.debug_info)
    C$debug_pubnames16                       0x00000208   Data           0  start.o(.debug_pubnames)
    C$debug_line14                           0x000002d0   Data           0  start.o(.debug_line)
    C$debug_line116                          0x0000031c   Data           0  start.o(.debug_line)
    C$debug_line140                          0x0000031c   Data           0  start.o(.debug_line)
    C$debug_line152                          0x0000031c   Data           0  start.o(.debug_line)
    C$debug_line200                          0x0000031c   Data           0  start.o(.debug_line)
    C$debug_line224                          0x0000031c   Data           0  start.o(.debug_line)
    C$debug_line236                          0x0000031c   Data           0  start.o(.debug_line)
    C$debug_line284                          0x0000031c   Data           0  start.o(.debug_line)
    C$debug_line308                          0x0000031c   Data           0  start.o(.debug_line)
    C$debug_line32                           0x0000031c   Data           0  start.o(.debug_line)
    C$debug_line320                          0x0000031c   Data           0  start.o(.debug_line)
    C$debug_line56                           0x0000031c   Data           0  start.o(.debug_line)
    C$debug_line68                           0x0000031c   Data           0  start.o(.debug_line)
    C$debug_pubnames34                       0x00000338   Data           0  start.o(.debug_pubnames)
    C$debug_line104                          0x00000390   Data           0  start.o(.debug_line)
    C$debug_line188                          0x00000390   Data           0  start.o(.debug_line)
    C$debug_line20                           0x00000390   Data           0  start.o(.debug_line)
    C$debug_line272                          0x00000390   Data           0  start.o(.debug_line)
    C$debug_pubnames22                       0x0000039c   Data           0  start.o(.debug_pubnames)
    C$debug_pubnames88                       0x000003fc   Data           0  main.o(.debug_pubnames)
    C$debug_frame343                         0x000004d4   Data           0  task01_main.o(.debug_frame)
    C$debug_line128                          0x00000648   Data           0  main.o(.debug_line)
    C$debug_line212                          0x00000648   Data           0  main.o(.debug_line)
    C$debug_line296                          0x00000648   Data           0  main.o(.debug_line)
    C$debug_line44                           0x00000648   Data           0  main.o(.debug_line)
    C$debug_line86                           0x000006c8   Data           0  main.o(.debug_line)
    C$debug_info33                           0x0000072c   Data           0  start.o(.debug_info)
    C$debug_info21                           0x00000864   Data           0  start.o(.debug_info)
    C$debug_pubnames340                      0x000008d0   Data           0  task01_main.o(.debug_pubnames)
    C$debug_macinfo23                        0x00000ab0   Data           0  start.o(.debug_macinfo)
    C$debug_info87                           0x00000ad0   Data           0  main.o(.debug_info)
    C$debug_macinfo47                        0x00000dd4   Data           0  main.o(.debug_macinfo)
    C$debug_line338                          0x00000e80   Data           0  task01_main.o(.debug_line)
    C$debug_macinfo89                        0x00000ffc   Data           0  main.o(.debug_macinfo)
    C$debug_info339                          0x00001b18   Data           0  task01_main.o(.debug_info)
    E:\os\h-os-V1.2гн10.29\user\task02\task02_main.c 0x00000000   Number         0  task02_main.o ABSOLUTE
    .text                                    0x80000624   Thumb Code     0  task02_main.o(.text)
    C$debug_macinfo17                        0x00000000   Data           0  start.o(.debug_macinfo)
    C$debug_abbrev0                          0x00000030   Data           0  start.o(.debug_abbrev)
    C$debug_macinfo35                        0x00000034   Data           0  start.o(.debug_macinfo)
    C$debug_info15                           0x00000150   Data           0  start.o(.debug_info)
    C$debug_pubnames16                       0x00000208   Data           0  start.o(.debug_pubnames)
    C$debug_line14                           0x000002d0   Data           0  start.o(.debug_line)
    C$debug_line116                          0x0000031c   Data           0  start.o(.debug_line)
    C$debug_line140                          0x0000031c   Data           0  start.o(.debug_line)
    C$debug_line152                          0x0000031c   Data           0  start.o(.debug_line)
    C$debug_line200                          0x0000031c   Data           0  start.o(.debug_line)
    C$debug_line224                          0x0000031c   Data           0  start.o(.debug_line)
    C$debug_line236                          0x0000031c   Data           0  start.o(.debug_line)
    C$debug_line284                          0x0000031c   Data           0  start.o(.debug_line)
    C$debug_line308                          0x0000031c   Data           0  start.o(.debug_line)
    C$debug_line32                           0x0000031c   Data           0  start.o(.debug_line)
    C$debug_line320                          0x0000031c   Data           0  start.o(.debug_line)
    C$debug_line56                           0x0000031c   Data           0  start.o(.debug_line)
    C$debug_line68                           0x0000031c   Data           0  start.o(.debug_line)
    C$debug_pubnames34                       0x00000338   Data           0  start.o(.debug_pubnames)
    C$debug_line104                          0x00000390   Data           0  start.o(.debug_line)
    C$debug_line188                          0x00000390   Data           0  start.o(.debug_line)
    C$debug_line20                           0x00000390   Data           0  start.o(.debug_line)
    C$debug_line272                          0x00000390   Data           0  start.o(.debug_line)
    C$debug_pubnames22                       0x0000039c   Data           0  start.o(.debug_pubnames)
    C$debug_pubnames88                       0x000003fc   Data           0  main.o(.debug_pubnames)
    C$debug_frame343                         0x00000510   Data           0  task02_main.o(.debug_frame)
    C$debug_line128                          0x00000648   Data           0  main.o(.debug_line)
    C$debug_line212                          0x00000648   Data           0  main.o(.debug_line)
    C$debug_line296                          0x00000648   Data           0  main.o(.debug_line)
    C$debug_line44                           0x00000648   Data           0  main.o(.debug_line)
    C$debug_line86                           0x000006c8   Data           0  main.o(.debug_line)
    C$debug_info33                           0x0000072c   Data           0  start.o(.debug_info)
    C$debug_info21                           0x00000864   Data           0  start.o(.debug_info)
    C$debug_pubnames340                      0x000008f4   Data           0  task02_main.o(.debug_pubnames)
    C$debug_macinfo23                        0x00000ab0   Data           0  start.o(.debug_macinfo)
    C$debug_info87                           0x00000ad0   Data           0  main.o(.debug_info)
    C$debug_macinfo47                        0x00000dd4   Data           0  main.o(.debug_macinfo)
    C$debug_line338                          0x00000f14   Data           0  task02_main.o(.debug_line)
    C$debug_macinfo89                        0x00000ffc   Data           0  main.o(.debug_macinfo)
    C$debug_info339                          0x00001bc0   Data           0  task02_main.o(.debug_info)
    E:\os\h-os-V1.2гн10.29\user\task00\task00_fuction.c 0x00000000   Number         0  task00_fuction.o ABSOLUTE
    .text                                    0x80000628   Thumb Code     0  task00_fuction.o(.text)
    C$debug_macinfo17                        0x00000000   Data           0  start.o(.debug_macinfo)
    C$debug_abbrev0                          0x00000030   Data           0  start.o(.debug_abbrev)
    C$debug_macinfo35                        0x00000034   Data           0  start.o(.debug_macinfo)
    C$debug_info15                           0x00000150   Data           0  start.o(.debug_info)
    C$debug_pubnames16                       0x00000208   Data           0  start.o(.debug_pubnames)
    C$debug_line14                           0x000002d0   Data           0  start.o(.debug_line)
    C$debug_line32                           0x0000031c   Data           0  start.o(.debug_line)
    C$debug_line56                           0x0000031c   Data           0  start.o(.debug_line)
    C$debug_line68                           0x0000031c   Data           0  start.o(.debug_line)
    C$debug_pubnames34                       0x00000338   Data           0  start.o(.debug_pubnames)
    C$debug_line20                           0x00000390   Data           0  start.o(.debug_line)
    C$debug_pubnames22                       0x0000039c   Data           0  start.o(.debug_pubnames)
    C$debug_frame91                          0x0000054c   Data           0  task00_fuction.o(.debug_frame)
    C$debug_line44                           0x00000648   Data           0  main.o(.debug_line)
    C$debug_info33                           0x0000072c   Data           0  start.o(.debug_info)
    C$debug_info21                           0x00000864   Data           0  start.o(.debug_info)
    C$debug_pubnames88                       0x00000918   Data           0  task00_fuction.o(.debug_pubnames)
    C$debug_macinfo23                        0x00000ab0   Data           0  start.o(.debug_macinfo)
    C$debug_macinfo47                        0x00000dd4   Data           0  main.o(.debug_macinfo)
    C$debug_line86                           0x00000fa8   Data           0  task00_fuction.o(.debug_line)
    C$debug_info87                           0x00001c68   Data           0  task00_fuction.o(.debug_info)
    E:\os\h-os-V1.2гн10.29\user\task01\task01_fuction.c 0x00000000   Number         0  task01_fuction.o ABSOLUTE
    C$debug_abbrev0                          0x00000030   Data           0  start.o(.debug_abbrev)
    E:\os\h-os-V1.2гн10.29\user\task02\task02_fuction.c 0x00000000   Number         0  task02_fuction.o ABSOLUTE
    C$debug_abbrev0                          0x00000030   Data           0  start.o(.debug_abbrev)
    E:\os\h-os-V1.2гн10.29\kernel\OS_task_interface.c 0x00000000   Number         0  OS_task_interface.o ABSOLUTE
    .bss                                     0x8000133f   Data           0  OS_task_interface.o(.bss)
    .text                                    0x80000640   Thumb Code     0  OS_task_interface.o(.text)
    C$debug_macinfo17                        0x00000000   Data           0  start.o(.debug_macinfo)
    C$debug_abbrev0                          0x00000030   Data           0  start.o(.debug_abbrev)
    C$debug_macinfo35                        0x00000034   Data           0  start.o(.debug_macinfo)
    C$debug_info15                           0x00000150   Data           0  start.o(.debug_info)
    C$debug_pubnames16                       0x00000208   Data           0  start.o(.debug_pubnames)
    C$debug_line14                           0x000002d0   Data           0  start.o(.debug_line)
    C$debug_line32                           0x0000031c   Data           0  start.o(.debug_line)
    C$debug_line56                           0x0000031c   Data           0  start.o(.debug_line)
    C$debug_line68                           0x0000031c   Data           0  start.o(.debug_line)
    C$debug_pubnames34                       0x00000338   Data           0  start.o(.debug_pubnames)
    C$debug_line20                           0x00000390   Data           0  start.o(.debug_line)
    C$debug_pubnames22                       0x0000039c   Data           0  start.o(.debug_pubnames)
    C$debug_frame91                          0x00000638   Data           0  OS_task_interface.o(.debug_frame)
    C$debug_line44                           0x00000648   Data           0  main.o(.debug_line)
    C$debug_info33                           0x0000072c   Data           0  start.o(.debug_info)
    C$debug_loc90                            0x000007e0   Data           0  OS_task_interface.o(.debug_loc)
    C$debug_info21                           0x00000864   Data           0  start.o(.debug_info)
    C$debug_pubnames88                       0x00000a68   Data           0  OS_task_interface.o(.debug_pubnames)
    C$debug_pubnames46                       0x00000aac   Data           0  OS_task_interface.o(.debug_pubnames)
    C$debug_macinfo23                        0x00000ab0   Data           0  start.o(.debug_macinfo)
    C$debug_macinfo47                        0x00000dd4   Data           0  main.o(.debug_macinfo)
    C$debug_line86                           0x00001060   Data           0  OS_task_interface.o(.debug_line)
    C$debug_info87                           0x00002114   Data           0  OS_task_interface.o(.debug_info)
    C$debug_info45                           0x00002250   Data           0  OS_task_interface.o(.debug_info)
    .bss$2                                   0x8000133f   Data           0  OS_task_interface.o(.bss)
    E:\os\h-os-V1.2гн10.29\driver\spi.c      0x00000000   Number         0  spi.o ABSOLUTE
    C$debug_macinfo17                        0x00000000   Data           0  start.o(.debug_macinfo)
    C$debug_abbrev0                          0x00000030   Data           0  start.o(.debug_abbrev)
    C$debug_macinfo35                        0x00000034   Data           0  start.o(.debug_macinfo)
    C$debug_info15                           0x00000150   Data           0  start.o(.debug_info)
    C$debug_pubnames16                       0x00000208   Data           0  start.o(.debug_pubnames)
    C$debug_line14                           0x000002d0   Data           0  start.o(.debug_line)
    C$debug_line32                           0x0000031c   Data           0  start.o(.debug_line)
    C$debug_pubnames34                       0x00000338   Data           0  start.o(.debug_pubnames)
    C$debug_line20                           0x00000390   Data           0  start.o(.debug_line)
    C$debug_pubnames22                       0x0000039c   Data           0  start.o(.debug_pubnames)
    C$debug_info33                           0x0000072c   Data           0  start.o(.debug_info)
    C$debug_info21                           0x00000864   Data           0  start.o(.debug_info)
    C$debug_macinfo23                        0x00000ab0   Data           0  start.o(.debug_macinfo)
    E:\os\h-os-V1.2гн10.29\kernel\OS_mailbox.c 0x00000000   Number         0  OS_mailbox.o ABSOLUTE
    C$debug_abbrev0                          0x00000030   Data           0  start.o(.debug_abbrev)
    E:\os\h-os-V1.2гн10.29\kernel\OS_messagequeue.c 0x00000000   Number         0  OS_messagequeue.o ABSOLUTE
    C$debug_abbrev0                          0x00000030   Data           0  start.o(.debug_abbrev)
    E:\os\h-os-V1.2гн10.29\kernel\OS_semaphore.c 0x00000000   Number         0  OS_semaphore.o ABSOLUTE
    C$debug_abbrev0                          0x00000030   Data           0  start.o(.debug_abbrev)
    E:\os\h-os-V1.2гн10.29\driver\I2C.c      0x00000000   Number         0  I2C.o ABSOLUTE
    C$debug_macinfo17                        0x00000000   Data           0  start.o(.debug_macinfo)
    C$debug_abbrev0                          0x00000030   Data           0  start.o(.debug_abbrev)
    C$debug_macinfo35                        0x00000034   Data           0  start.o(.debug_macinfo)
    C$debug_info15                           0x00000150   Data           0  start.o(.debug_info)
    C$debug_pubnames16                       0x00000208   Data           0  start.o(.debug_pubnames)
    C$debug_line14                           0x000002d0   Data           0  start.o(.debug_line)
    C$debug_line32                           0x0000031c   Data           0  start.o(.debug_line)
    C$debug_pubnames34                       0x00000338   Data           0  start.o(.debug_pubnames)
    C$debug_line20                           0x00000390   Data           0  start.o(.debug_line)
    C$debug_pubnames22                       0x0000039c   Data           0  start.o(.debug_pubnames)
    C$debug_info33                           0x0000072c   Data           0  start.o(.debug_info)
    C$debug_info21                           0x00000864   Data           0  start.o(.debug_info)
    C$debug_macinfo23                        0x00000ab0   Data           0  start.o(.debug_macinfo)
    ../../angel/startup.s                    0x00000000   Number         0  __main.o ABSOLUTE
    <Anonymous Symbol>                       0x00000684   Data          60  __main.o(.debug_frame)
    !!!                                      0x80000074   ARM Code     168  __main.o(!!!)
    _move_region                             0x80000094   ARM Code       0  __main.o(!!!)
    _move_loop                               0x800000c4   ARM Code       0  __main.o(!!!)
    _zero_region                             0x800000d8   ARM Code       0  __main.o(!!!)
    _zero_loop                               0x800000fc   ARM Code       0  __main.o(!!!)
    _region_table                            0x8000010c   Data           0  __main.o(!!!)
    ../../armsys.c                           0x00000000   Number         0  _no_redirect.o ABSOLUTE
    .text                                    0x80000654   Thumb Code     0  _no_redirect.o(.text)
    C$debug_frame18                          0x000006c0   Data           0  _no_redirect.o(.debug_frame)
    ../../unhosted.s                         0x00000000   Number         0  callvia.o ABSOLUTE
    .text                                    0x80000658   Thumb Code    16  callvia.o(.text)
    ../../angel/kernel.s                     0x00000000   Number         0  kernel.o ABSOLUTE
    <Anonymous Symbol>                       0x0000070c   Data          88  kernel.o(.debug_frame)
    .text                                    0x80000668   ARM Code      80  kernel.o(.text)
    mainaddruse                              0x80000674   ARM Code       4  kernel.o(.text)
    thumbmainreturn                          0x80000690   Thumb Code     0  kernel.o(.text)
    mainaddr                                 0x80000694   Data           4  kernel.o(.text)
    __rt_abort1                              0x800006b4   ARM Code       0  kernel.o(.text)
    ../../stdlib.c                           0x00000000   Number         0  exit.o ABSOLUTE
    .text                                    0x800006b8   Thumb Code     0  exit.o(.text)
    C$debug_frame12                          0x00000764   Data           0  exit.o(.debug_frame)
    ../../armsys.c                           0x00000000   Number         0  lib_init.o ABSOLUTE
    .text                                    0x800006cc   Thumb Code     0  lib_init.o(.text)
    C$debug_frame18                          0x000007b4   Data           0  lib_init.o(.debug_frame)
    ../../stkheap1.s                         0x00000000   Number         0  stkheap1.o ABSOLUTE
    <Anonymous Symbol>                       0x0000083c   Data         136  stkheap1.o(.debug_frame)
    .text                                    0x80000784   Thumb Code   268  stkheap1.o(.text)
    _heap_overflow                           0x8000087c   ARM Code       0  stkheap1.o(.text)
    ../../angel/sys.s                        0x00000000   Number         0  sys_exit.o ABSOLUTE
    <Anonymous Symbol>                       0x000008c4   Data          68  sys_exit.o(.debug_frame)
    .text                                    0x80000890   Thumb Code    28  sys_exit.o(.text)
    ../../angel/sys.s                        0x00000000   Number         0  libspace.o ABSOLUTE
    .bss                                     0x8000134c   Data          96  libspace.o(.bss)
    .text                                    0x800008ac   Thumb Code    16  libspace.o(.text)
    <Anonymous Symbol>                       0x00000908   Data          68  libspace.o(.debug_frame)
    __libspace_start                         0x8000134c   Data          96  libspace.o(.bss)
    ../../angel/sys.s                        0x00000000   Number         0  use_semi.o ABSOLUTE
    <Anonymous Symbol>                       0x0000094c   Data          68  use_semi.o(.debug_frame)
    .text                                    0x800008bc   Thumb Code     8  use_semi.o(.text)
    ../../fpinit.s                           0x00000000   Number         0  fpinit.o ABSOLUTE
    <Anonymous Symbol>                       0x00000990   Data          80  fpinit.o(.debug_frame)
    x$fpl$fpinit                             0x800009b0   Thumb Code    28  fpinit.o(x$fpl$fpinit)
    ../../angel/rt.s                         0x00000000   Number         0  rt_fp_status_addr.o ABSOLUTE
    <Anonymous Symbol>                       0x000009e0   Data          80  rt_fp_status_addr.o(.debug_frame)
    .text                                    0x800008c4   Thumb Code    24  rt_fp_status_addr.o(.text)

    Global Symbols

    Symbol Name                              Value     Ov Type        Size  Object(Section)

    BuildAttributes$$THUMB_ISAv1$M$PE$A:L22$X:L11$S22$IW$~STKCKD$~SHL$OSPACE 0x00000000   Number         0  anon$$obj.o ABSOLUTE
    __Heap_DescSize                           - Undefined Weak Reference
    __alloca_initialize                       - Undefined Weak Reference
    __argv_alloc                              - Undefined Weak Reference
    __call_ctors()                            - Undefined Weak Reference
    __cpp_finalise                            - Undefined Weak Reference
    __cpp_initialise                          - Undefined Weak Reference
    __rt_get_argv                             - Undefined Weak Reference
    __user_heap_extend                        - Undefined Weak Reference
    __user_stack_slop                         - Undefined Weak Reference
    _atexit_init                              - Undefined Weak Reference
    _call_atexit_fns                          - Undefined Weak Reference
    _clock_init                               - Undefined Weak Reference
    _get_lc_collate                           - Undefined Weak Reference
    _get_lc_ctype                             - Undefined Weak Reference
    _get_lc_monetary                          - Undefined Weak Reference
    _get_lc_numeric                           - Undefined Weak Reference
    _get_lc_time                              - Undefined Weak Reference
    _getenv_init                              - Undefined Weak Reference
    _init_alloc                               - Undefined Weak Reference
    _init_user_alloc                          - Undefined Weak Reference
    _initio                                   - Undefined Weak Reference
    _rand_init                                - Undefined Weak Reference
    _signal_init                              - Undefined Weak Reference
    _terminate_user_alloc                     - Undefined Weak Reference
    _terminateio                              - Undefined Weak Reference
    $Ven$AT$L$$C_IRQ_Handler                 0x4000006c   ARM Code       0  anon$$obj.o(Veneer$$Code)
    $Ven$AT$L$$C_FIQ_Handler                 0x40000078   ARM Code       0  anon$$obj.o(Veneer$$Code)
    ResetHandler                             0x80000028   ARM Code       0  Startup.o(Startup)
    __user_initial_stackheap                 0x8000004c   ARM Code       0  Startup.o(Startup)
    __main                                   0x80000074   ARM Code     152  __main.o(!!!)
    IRQ_interrupt_00                         0x8000011c   Thumb Code     2  start.o(.text)
    IRQ_interrupt_01                         0x8000011e   Thumb Code     2  start.o(.text)
    IRQ_interrupt_02                         0x80000120   Thumb Code     2  start.o(.text)
    IRQ_interrupt_03                         0x80000122   Thumb Code     2  start.o(.text)
    IRQ_interrupt_04                         0x80000124   Thumb Code     2  start.o(.text)
    IRQ_interrupt_05                         0x80000126   Thumb Code     2  start.o(.text)
    IRQ_interrupt_06                         0x80000128   Thumb Code     2  start.o(.text)
    IRQ_interrupt_07                         0x8000012a   Thumb Code     2  start.o(.text)
    IRQ_interrupt_08                         0x8000012c   Thumb Code     2  start.o(.text)
    IRQ_interrupt_09                         0x8000012e   Thumb Code     2  start.o(.text)
    IRQ_interrupt_0A                         0x80000130   Thumb Code     2  start.o(.text)
    IRQ_interrupt_0B                         0x80000132   Thumb Code     2  start.o(.text)
    IRQ_interrupt_0C                         0x80000134   Thumb Code     2  start.o(.text)
    IRQ_interrupt_0D                         0x80000136   Thumb Code     2  start.o(.text)
    IRQ_interrupt_0E                         0x80000138   Thumb Code     2  start.o(.text)
    IRQ_interrupt_0F                         0x8000013a   Thumb Code     2  start.o(.text)
    FIQ_interrupt_00                         0x8000013c   Thumb Code     2  start.o(.text)
    C_IRQ_Handler                            0x8000013e   Thumb Code     6  start.o(.text)
    C_FIQ_Handler                            0x80000144   Thumb Code     2  start.o(.text)
    init_SPI                                 0x80000146   Thumb Code     2  start.o(.text)
    init_I2C                                 0x80000148   Thumb Code     2  start.o(.text)
    init_UART                                0x8000014a   Thumb Code     2  start.o(.text)
    init_Time                                0x8000014c   Thumb Code     2  start.o(.text)
    init_Modem                               0x8000014e   Thumb Code     2  start.o(.text)
    init_Interrupt                           0x80000150   Thumb Code     2  start.o(.text)
    User_System_Init                         0x80000152   Thumb Code   278  start.o(.text)
    main                                     0x800002cc   Thumb Code    80  main.o(.text)
    OS_MakeProcess                           0x80000320   Thumb Code    62  OS_kernel.o(.text)
    _Change_Process                          0x8000035e   Thumb Code    76  OS_kernel.o(.text)
    OS_ChangeProcess                         0x800003aa   Thumb Code    32  OS_kernel.o(.text)
    OS_StartProcess                          0x800003ca   Thumb Code    28  OS_kernel.o(.text)
    OS_ScheduleProcess                       0x800003e6   Thumb Code    86  OS_kernel.o(.text)
    OS_ExitProcess                           0x8000043c   Thumb Code    42  OS_kernel.o(.text)
    OS_EndProcess                            0x80000466   Thumb Code    22  OS_kernel.o(.text)
    OS_DeleteProcess                         0x8000047c   Thumb Code    10  OS_kernel.o(.text)
    OS_SleepProcess                          0x80000486   Thumb Code    40  OS_kernel.o(.text)
    OS_ResumeProcess                         0x800004ae   Thumb Code    10  OS_kernel.o(.text)
    ReadTimer                                0x800004b8   Thumb Code    40  OS_kernel.o(.text)
    WaitTimer                                0x800004e0   Thumb Code    60  OS_kernel.o(.text)
    StartTimer                               0x8000051c   Thumb Code    20  OS_kernel.o(.text)
    StartTimer3                              0x80000530   Thumb Code    20  OS_kernel.o(.text)
    ReadTimer3                               0x80000544   Thumb Code    26  OS_kernel.o(.text)
    OS_InitStack                             0x8000055e   Thumb Code     8  OS_kernel.o(.text)
    EntryInterceptProcess                    0x80000566   Thumb Code     8  OS_kernel.o(.text)
    Task_Cmd_Decode                          0x80000580   Thumb Code    14  task00_main.o(.text)
    Seq_Execute                              0x8000058e   Thumb Code    46  task00_main.o(.text)
    TRN_StateMachine                         0x800005bc   Thumb Code    60  task00_main.o(.text)
    task00_main                              0x800005f8   Thumb Code    26  task00_main.o(.text)
    task01_main                              0x80000620   Thumb Code     2  task01_main.o(.text)
    task02_main                              0x80000624   Thumb Code     2  task02_main.o(.text)
    Task00_Trn01_seq01                       0x80000628   Thumb Code     2  task00_fuction.o(.text)
    Task00_Trn02_seq01                       0x8000062a   Thumb Code     2  task00_fuction.o(.text)
    Task00_Trn03_seq01                       0x8000062c   Thumb Code     2  task00_fuction.o(.text)
    Task00_Trn04_seq01                       0x8000062e   Thumb Code     2  task00_fuction.o(.text)
    Task00_Trn01_err_seq01                   0x80000630   Thumb Code     2  task00_fuction.o(.text)
    Task00_Trn02_err_seq01                   0x80000632   Thumb Code     2  task00_fuction.o(.text)
    Task00_Trn03_err_seq01                   0x80000634   Thumb Code     2  task00_fuction.o(.text)
    Task00_Trn04_err_seq01                   0x80000636   Thumb Code     2  task00_fuction.o(.text)
    Task00_Trn01_other_seq01                 0x80000638   Thumb Code     2  task00_fuction.o(.text)
    Task00_Trn02_other_seq01                 0x8000063a   Thumb Code     2  task00_fuction.o(.text)
    Task00_Trn03_other_seq01                 0x8000063c   Thumb Code     2  task00_fuction.o(.text)
    Task00_Trn04_other_seq01                 0x8000063e   Thumb Code     2  task00_fuction.o(.text)
    OS_Get_TaskInterface                     0x80000640   Thumb Code     8  OS_task_interface.o(.text)
    OS_Set_TaskInterface                     0x80000648   Thumb Code     8  OS_task_interface.o(.text)
    _main_redirection                        0x80000654   Thumb Code     2  _no_redirect.o(.text)
    _main                                    0x80000656   Thumb Code     2  _no_redirect.o(.text)
    __call_via_r0                            0x80000658   Thumb Code     4  callvia.o(.text)
    __call_via_r1                            0x8000065a   Thumb Code     4  callvia.o(.text)
    __call_via_r2                            0x8000065c   Thumb Code     4  callvia.o(.text)
    __call_via_r3                            0x8000065e   Thumb Code     4  callvia.o(.text)
    __call_via_r4                            0x80000660   Thumb Code     4  callvia.o(.text)
    __call_via_r5                            0x80000662   Thumb Code     4  callvia.o(.text)
    __call_via_r6                            0x80000664   Thumb Code     4  callvia.o(.text)
    __call_via_r7                            0x80000666   Thumb Code     4  callvia.o(.text)
    __rt_entry                               0x80000668   ARM Code       0  kernel.o(.text)
    __rt_exit                                0x80000698   Thumb Code    20  kernel.o(.text)
    __32__rt_exit                            0x8000069c   ARM Code       0  kernel.o(.text)
    __rt_abort                               0x800006ac   Thumb Code    12  kernel.o(.text)
    __32__rt_abort                           0x800006b0   ARM Code       0  kernel.o(.text)
    exit                                     0x800006b8   Thumb Code    20  exit.o(.text)
    __rt_lib_init                            0x800006cc   Thumb Code   158  lib_init.o(.text)
    __rt_lib_shutdown                        0x8000076a   Thumb Code    20  lib_init.o(.text)
    __16__rt_stackheap_init                  0x80000784   Thumb Code   148  stkheap1.o(.text)
    __rt_stackheap_init                      0x80000788   ARM Code       0  stkheap1.o(.text)
    __16__rt_heap_extend                     0x80000818   Thumb Code   120  stkheap1.o(.text)
    __rt_heap_extend                         0x8000081c   ARM Code       0  stkheap1.o(.text)
    __16_sys_exit                            0x80000890   Thumb Code    24  sys_exit.o(.text)
    _sys_exit                                0x80000894   ARM Code       0  sys_exit.o(.text)
    __16__user_libspace                      0x800008ac   Thumb Code    12  libspace.o(.text)
    __user_libspace                          0x800008b0   ARM Code       0  libspace.o(.text)
    __I_use_semihosting_swi                  0x800008bc   Thumb Code     8  use_semi.o(.text)
    __semihosting_swi_guard                  0x800008bc   Thumb Code     0  use_semi.o(.text)
    __32__I_use_semihosting_swi              0x800008c0   ARM Code       0  use_semi.o(.text)
    __16__rt_fp_status_addr                  0x800008c4   Thumb Code    24  rt_fp_status_addr.o(.text)
    __rt_fp_status_addr                      0x800008c8   ARM Code       0  rt_fp_status_addr.o(.text)
    $Ven$AT$L$$User_System_Init              0x800008dc   ARM Code       0  anon$$obj.o(Veneer$$Code)
    $Ven$AT$L$$__rt_lib_init                 0x800008e8   ARM Code       0  anon$$obj.o(Veneer$$Code)
    $Ven$AT$L$$__rt_lib_shutdown             0x800008f4   ARM Code       0  anon$$obj.o(Veneer$$Code)
    Save_SP_register                         0x80000900   Thumb Code     0  prasm.o(prcon)
    Restore_SP_register                      0x80000930   Thumb Code     0  prasm.o(prcon)
    OS_Save_CPU_Register                     0x8000093e   Thumb Code     0  prasm.o(prcon)
    OS_Restore_CPU_Register                  0x80000976   Thumb Code     0  prasm.o(prcon)
    __16_fp_init                             0x800009b0   Thumb Code    28  fpinit.o(x$fpl$fpinit)
    _fp_init                                 0x800009b4   ARM Code       0  fpinit.o(x$fpl$fpinit)
    __fplib_config_pureend_doubles           0x800009c4   ARM Code       0  fpinit.o(x$fpl$fpinit)
    dwPrnStack                               0x800009cc   Data           4  OS_kernel.o(.constdata)
    OS_Task_Tbl                              0x800009d0   Data          64  OS_task.o(.constdata)
    Trn_Tbl                                  0x80000a10   Data          96  task00_main.o(.constdata)
    Region$$Table$$Base                      0x80000a70   Data           0  anon$$obj.o(Region$$Table)
    Region$$Table$$Limit                     0x80000aa0   Data           0  anon$$obj.o(Region$$Table)
    ZISection$$Table$$Base                   0x80000aa0   Data           0  anon$$obj.o(ZISection$$Table)
    Task00_Trn01                             0x80000ab0   Data          20  task00_main.o(.data)
    ZISection$$Table$$Limit                  0x80000ab0   Data           0  anon$$obj.o(ZISection$$Table)
    Task00_Trn02                             0x80000ac4   Data          20  task00_main.o(.data)
    Task00_Trn03                             0x80000ad8   Data          20  task00_main.o(.data)
    Task00_Trn04                             0x80000aec   Data          20  task00_main.o(.data)
    Task00_Trn01_err                         0x80000b00   Data          20  task00_main.o(.data)
    Task00_Trn02_err                         0x80000b14   Data          20  task00_main.o(.data)
    Task00_Trn03_err                         0x80000b28   Data          20  task00_main.o(.data)
    Task00_Trn04_err                         0x80000b3c   Data          20  task00_main.o(.data)
    Task00_Trn01_other                       0x80000b50   Data          20  task00_main.o(.data)
    Iram_Intercept_Process                   0x80000b64   Data           1  OS_kernel.o(.bss)
    Process_No                               0x80000b65   Data           1  OS_kernel.o(.bss)
    W_Process_Id                             0x80000b66   Data           1  OS_kernel.o(.bss)
    Previous_Process_No                      0x80000b67   Data           1  OS_kernel.o(.bss)
    Iram_system_timer                        0x80000b68   Data           4  OS_kernel.o(.bss)
    Iram_timer3_counter                      0x80000b6c   Data           4  OS_kernel.o(.bss)
    Process_State                            0x80000b70   Data           4  OS_kernel.o(.bss)
    W_Func                                   0x80000b74   Data           4  OS_kernel.o(.bss)
    regi                                     0x80000b78   Data         256  OS_kernel.o(.bss)
    OS_InitStackPtr                          0x80000c78   Data          16  OS_kernel.o(.bss)
    dwOrgStack                               0x80000c88   Data           4  OS_kernel.o(.bss)
    task_stack_00                            0x80000c8c   Data         800  OS_task.o(.bss)
    task_stack_01                            0x80000fac   Data         400  OS_task.o(.bss)
    task_stack_02                            0x8000113c   Data         512  OS_task.o(.bss)
    Trn_Execute_State                        0x8000133c   Data           3  task00_main.o(.bss)
    OS_TaskInterface                         0x8000133f   Data          13  OS_task_interface.o(.bss)
    bottom_of_heap                           0x80050000   Data           1  heap.o(Heap)
    top_of_stacks                            0x80070000   Data           1  stack.o(Stacks)


================================================================================

Memory Map of the image

  Image Entry point : 0x80000000

  Load Region ROM_LOAD (Base: 0x80000000, Size: 0x00000be8, Max: 0xffffffff, ABSOLUTE)

    Execution Region SDRAM (Base: 0x80000000, Size: 0x000013ac, Max: 0xffffffff, ABSOLUTE)

    Base Addr    Size         Type   Attr  Idx  E Section Name        Object

    0x80000000   0x00000074   Code   RO     9   * Startup             Startup.o
    0x80000074   0x000000a8   Code   RO   262   * !!!                 __main.o(c_t__un.l)
    0x8000011c   0x000001b0   Code   RO    21     .text               start.o
    0x800002cc   0x00000054   Code   RO    64     .text               main.o
    0x80000320   0x00000260   Code   RO   140     .text               OS_kernel.o
    0x80000580   0x000000a0   Code   RO   167     .text               task00_main.o
    0x80000620   0x00000004   Code   RO   191     .text               task01_main.o
    0x80000624   0x00000004   Code   RO   199     .text               task02_main.o
    0x80000628   0x00000018   Code   RO   207     .text               task00_fuction.o
    0x80000640   0x00000014   Code   RO   221     .text               OS_task_interface.o
    0x80000654   0x00000004   Code   RO   264     .text               _no_redirect.o(c_t__un.l)
    0x80000658   0x00000010   Code   RO   266     .text               callvia.o(c_t__un.l)
    0x80000668   0x00000050   Code   RO   267     .text               kernel.o(c_t__un.l)
    0x800006b8   0x00000014   Code   RO   269     .text               exit.o(c_t__un.l)
    0x800006cc   0x000000b8   Code   RO   271     .text               lib_init.o(c_t__un.l)
    0x80000784   0x0000010c   Code   RO   273     .text               stkheap1.o(c_t__un.l)
    0x80000890   0x0000001c   Code   RO   275     .text               sys_exit.o(c_t__un.l)
    0x800008ac   0x00000010   Code   RO   277     .text               libspace.o(c_t__un.l)
    0x800008bc   0x00000008   Code   RO   280     .text               use_semi.o(c_t__un.l)
    0x800008c4   0x00000018   Code   RO   284     .text               rt_fp_status_addr.o(c_t__un.l)
    0x800008dc   0x0000000c   Code   RO   288     Veneer$$Code        anon$$obj.o
    0x800008e8   0x0000000c   Code   RO   289     Veneer$$Code        anon$$obj.o
    0x800008f4   0x0000000c   Code   RO   290     Veneer$$Code        anon$$obj.o
    0x80000900   0x000000b0   Code   RO    13   * prcon               prasm.o
    0x800009b0   0x0000001c   Code   RO   282     x$fpl$fpinit        fpinit.o(f_t_p.l)
    0x800009cc   0x00000004   Data   RO   147     .constdata          OS_kernel.o
    0x800009d0   0x00000040   Data   RO   157     .constdata          OS_task.o
    0x80000a10   0x00000060   Data   RO   168     .constdata          task00_main.o
    0x80000a70   0x00000030   Data   RO   286     Region$$Table       anon$$obj.o
    0x80000aa0   0x00000010   Data   RO   287     ZISection$$Table    anon$$obj.o
    0x80000ab0   0x00000014   Data   RW   170     .data               task00_main.o
    0x80000ac4   0x00000014   Data   RW   171     .data               task00_main.o
    0x80000ad8   0x00000014   Data   RW   172     .data               task00_main.o
    0x80000aec   0x00000014   Data   RW   173     .data               task00_main.o
    0x80000b00   0x00000014   Data   RW   174     .data               task00_main.o
    0x80000b14   0x00000014   Data   RW   175     .data               task00_main.o
    0x80000b28   0x00000014   Data   RW   176     .data               task00_main.o
    0x80000b3c   0x00000014   Data   RW   177     .data               task00_main.o
    0x80000b50   0x00000014   Data   RW   178     .data               task00_main.o
    0x80000b64   0x00000124   Zero   RW   141     .bss                OS_kernel.o
    0x80000c88   0x00000004   Zero   RW   146     .bss                OS_kernel.o
    0x80000c8c   0x00000320   Zero   RW   158     .bss                OS_task.o
    0x80000fac   0x00000190   Zero   RW   159     .bss                OS_task.o
    0x8000113c   0x00000200   Zero   RW   160     .bss                OS_task.o
    0x8000133c   0x00000003   Zero   RW   169     .bss                task00_main.o
    0x8000133f   0x0000000d   Zero   RW   222     .bss                OS_task_interface.o
    0x8000134c   0x00000060   Zero   RW   278     .bss                libspace.o(c_t__un.l)


    Execution Region HEAP (Base: 0x80050000, Size: 0x00000004, Max: 0xffffffff, ABSOLUTE, UNINIT)

    Base Addr    Size         Type   Attr  Idx  E Section Name        Object

    0x80050000   0x00000004   Zero   RW     1     Heap                heap.o


    Execution Region STACK (Base: 0x80070000, Size: 0x00000004, Max: 0xffffffff, ABSOLUTE, UNINIT)

    Base Addr    Size         Type   Attr  Idx  E Section Name        Object

    0x80070000   0x00000004   Zero   RW     5     Stacks              stack.o


    Execution Region VECTORS (Base: 0x40000000, Size: 0x00000084, Max: 0xffffffff, ABSOLUTE)

    Base Addr    Size         Type   Attr  Idx  E Section Name        Object

    0x40000000   0x0000006c   Code   RO    17   * Vect                vectors.o
    0x4000006c   0x0000000c   Code   RO   291     Veneer$$Code        anon$$obj.o
    0x40000078   0x0000000c   Code   RO   292     Veneer$$Code        anon$$obj.o



  Load Region LR$$Debug (Base: 0x00000000, Size: 0x00000000, Max: 0xffffffff, ABSOLUTE)

    Execution Region ER$$Debug (Base: 0x00000000, Size: 0x00000000, Max: 0xffffffff, ABSOLUTE)

    Base Addr    Size         Type   Attr  Idx  E Section Name        Object

    0x00000000   0x00000010   Dbug   RW    12     .debug_abbrev       Startup.o
    0x00000010   0x00000010   Dbug   RW    16     .debug_abbrev       prasm.o
    0x00000020   0x00000010   Dbug   RW    20     .debug_abbrev       vectors.o
    0x00000030   0x000003ec   Dbug   RW    29     .debug_abbrev       start.o
    0x00000000   0x000001cc   Dbug   RW    28     .debug_frame        start.o
    0x000001cc   0x0000005c   Dbug   RW    72     .debug_frame        main.o
    0x00000228   0x000001f8   Dbug   RW   156     .debug_frame        OS_kernel.o
    0x00000420   0x000000b4   Dbug   RW   190     .debug_frame        task00_main.o
    0x000004d4   0x0000003c   Dbug   RW   198     .debug_frame        task01_main.o
    0x00000510   0x0000003c   Dbug   RW   206     .debug_frame        task02_main.o
    0x0000054c   0x000000ec   Dbug   RW   214     .debug_frame        task00_fuction.o
    0x00000638   0x0000004c   Dbug   RW   230     .debug_frame        OS_task_interface.o
    0x00000684   0x0000003c   Dbug   RW   263     .debug_frame        __main.o(c_t__un.l)
    0x000006c0   0x0000004c   Dbug   RW   265     .debug_frame        _no_redirect.o(c_t__un.l)
    0x0000070c   0x00000058   Dbug   RW   268     .debug_frame        kernel.o(c_t__un.l)
    0x00000764   0x00000050   Dbug   RW   270     .debug_frame        exit.o(c_t__un.l)
    0x000007b4   0x00000088   Dbug   RW   272     .debug_frame        lib_init.o(c_t__un.l)
    0x0000083c   0x00000088   Dbug   RW   274     .debug_frame        stkheap1.o(c_t__un.l)
    0x000008c4   0x00000044   Dbug   RW   276     .debug_frame        sys_exit.o(c_t__un.l)
    0x00000908   0x00000044   Dbug   RW   279     .debug_frame        libspace.o(c_t__un.l)
    0x0000094c   0x00000044   Dbug   RW   281     .debug_frame        use_semi.o(c_t__un.l)
    0x00000990   0x00000050   Dbug   RW   283     .debug_frame        fpinit.o(f_t_p.l)
    0x000009e0   0x00000050   Dbug   RW   285     .debug_frame        rt_fp_status_addr.o(c_t__un.l)
    0x00000000   0x00000070   Dbug   RW    10     .debug_info         Startup.o
    0x00000070   0x00000070   Dbug   RW    14     .debug_info         prasm.o
    0x000000e0   0x00000070   Dbug   RW    18     .debug_info         vectors.o
    0x00000150   0x00000210   Dbug   RW    34     .debug_info         start.o
    0x00000360   0x000003cc   Dbug   RW    26     .debug_info         start.o
    0x0000072c   0x00000138   Dbug   RW    38     .debug_info         start.o
    0x00000864   0x0000010c   Dbug   RW    42     .debug_info         start.o
    0x00000970   0x00000068   Dbug   RW    66     .debug_info         main.o
    0x000009d8   0x000000f8   Dbug   RW    69     .debug_info         main.o
    0x00000ad0   0x000000bc   Dbug   RW    88     .debug_info         main.o
    0x00000b8c   0x00000288   Dbug   RW   149     .debug_info         OS_kernel.o
    0x00000e14   0x00000668   Dbug   RW   153     .debug_info         OS_kernel.o
    0x0000147c   0x00000114   Dbug   RW   165     .debug_info         OS_task.o
    0x00001590   0x000000e4   Dbug   RW   162     .debug_info         OS_task.o
    0x00001674   0x00000298   Dbug   RW   183     .debug_info         task00_main.o
    0x0000190c   0x0000020c   Dbug   RW   187     .debug_info         task00_main.o
    0x00001b18   0x000000a8   Dbug   RW   196     .debug_info         task01_main.o
    0x00001bc0   0x000000a8   Dbug   RW   204     .debug_info         task02_main.o
    0x00001c68   0x000004ac   Dbug   RW   212     .debug_info         task00_fuction.o
    0x00002114   0x0000013c   Dbug   RW   227     .debug_info         OS_task_interface.o
    0x00002250   0x00000144   Dbug   RW   231     .debug_info         OS_task_interface.o
    0x00000000   0x0000006c   Dbug   RW    11     .debug_line         Startup.o
    0x0000006c   0x0000009c   Dbug   RW    15     .debug_line         prasm.o
    0x00000108   0x00000074   Dbug   RW    19     .debug_line         vectors.o
    0x0000017c   0x00000154   Dbug   RW    25     .debug_line         start.o
    0x000002d0   0x0000004c   Dbug   RW    33     .debug_line         start.o
    0x0000031c   0x00000074   Dbug   RW    37     .debug_line         start.o
    0x00000390   0x00000084   Dbug   RW    41     .debug_line         start.o
    0x00000414   0x00000184   Dbug   RW    65     .debug_line         main.o
    0x00000598   0x000000b0   Dbug   RW    68     .debug_line         main.o
    0x00000648   0x00000080   Dbug   RW    75     .debug_line         main.o
    0x000006c8   0x00000118   Dbug   RW    87     .debug_line         main.o
    0x000007e0   0x000000e0   Dbug   RW   148     .debug_line         OS_kernel.o
    0x000008c0   0x000001ac   Dbug   RW   152     .debug_line         OS_kernel.o
    0x00000a6c   0x00000188   Dbug   RW   161     .debug_line         OS_task.o
    0x00000bf4   0x000001bc   Dbug   RW   182     .debug_line         task00_main.o
    0x00000db0   0x000000d0   Dbug   RW   186     .debug_line         task00_main.o
    0x00000e80   0x00000094   Dbug   RW   195     .debug_line         task01_main.o
    0x00000f14   0x00000094   Dbug   RW   203     .debug_line         task02_main.o
    0x00000fa8   0x000000b8   Dbug   RW   211     .debug_line         task00_fuction.o
    0x00001060   0x0000009c   Dbug   RW   226     .debug_line         OS_task_interface.o
    0x00000000   0x000000a8   Dbug   RW    71     .debug_loc          main.o
    0x000000a8   0x000005f8   Dbug   RW   155     .debug_loc          OS_kernel.o
    0x000006a0   0x00000140   Dbug   RW   189     .debug_loc          task00_main.o
    0x000007e0   0x000000ac   Dbug   RW   229     .debug_loc          OS_task_interface.o
    0x00000000   0x00000034   Dbug   RW    36     .debug_macinfo      start.o
    0x00000034   0x00000a7c   Dbug   RW    40     .debug_macinfo      start.o
    0x00000ab0   0x00000160   Dbug   RW    44     .debug_macinfo      start.o
    0x00000c10   0x000001c4   Dbug   RW    67     .debug_macinfo      main.o
    0x00000dd4   0x00000228   Dbug   RW    78     .debug_macinfo      main.o
    0x00000ffc   0x000000fc   Dbug   RW    90     .debug_macinfo      main.o
    0x000010f8   0x00000204   Dbug   RW   151     .debug_macinfo      OS_kernel.o
    0x000012fc   0x00000228   Dbug   RW   164     .debug_macinfo      OS_task.o
    0x00001524   0x000001c8   Dbug   RW   185     .debug_macinfo      task00_main.o
    0x00000000   0x00000208   Dbug   RW    27     .debug_pubnames     start.o
    0x00000208   0x00000130   Dbug   RW    35     .debug_pubnames     start.o
    0x00000338   0x00000064   Dbug   RW    39     .debug_pubnames     start.o
    0x0000039c   0x00000044   Dbug   RW    43     .debug_pubnames     start.o
    0x000003e0   0x0000001c   Dbug   RW    70     .debug_pubnames     main.o
    0x000003fc   0x00000028   Dbug   RW    89     .debug_pubnames     main.o
    0x00000424   0x00000148   Dbug   RW   150     .debug_pubnames     OS_kernel.o
    0x0000056c   0x00000154   Dbug   RW   154     .debug_pubnames     OS_kernel.o
    0x000006c0   0x00000048   Dbug   RW   163     .debug_pubnames     OS_task.o
    0x00000708   0x00000044   Dbug   RW   166     .debug_pubnames     OS_task.o
    0x0000074c   0x00000128   Dbug   RW   184     .debug_pubnames     task00_main.o
    0x00000874   0x0000005c   Dbug   RW   188     .debug_pubnames     task00_main.o
    0x000008d0   0x00000024   Dbug   RW   197     .debug_pubnames     task01_main.o
    0x000008f4   0x00000024   Dbug   RW   205     .debug_pubnames     task02_main.o
    0x00000918   0x00000150   Dbug   RW   213     .debug_pubnames     task00_fuction.o
    0x00000a68   0x00000044   Dbug   RW   228     .debug_pubnames     OS_task_interface.o
    0x00000aac   0x00000078   Dbug   RW   232     .debug_pubnames     OS_task_interface.o


================================================================================

Image component sizes


      Code    RO Data    RW Data    ZI Data      Debug   Object Name

       108          0          0          0        244   vectors.o
       608          4          0        296       6156   OS_kernel.o
        60         64          0          0          0   anon$$obj.o
         4          0          0          0        412   task02_main.o
         0          0          0          4          0   heap.o
         4          0          0          0        412   task01_main.o
        20          0          0         13       1232   OS_task_interface.o
         0         64          0       1712       1588   OS_task.o
       160         96        180          3       3184   task00_main.o
       116          0          0          0        236   Startup.o
       176          0          0          0        284   prasm.o
       432          0          0          0       8288   start.o
        84          0          0          0       3096   main.o
         0          0          0          4          0   stack.o
        24          0          0          0       1952   task00_fuction.o

    ------------------------------------------------------------------------
      1796        228        180       2032      27084   Object Totals

    ------------------------------------------------------------------------

      Code    RO Data    RW Data    ZI Data      Debug   Library Member Name

       268          0          0          0        136   stkheap1.o
        80          0          0          0         88   kernel.o
        16          0          0          0          0   callvia.o
         8          0          0          0         68   use_semi.o
         4          0          0          0         76   _no_redirect.o
        28          0          0          0         68   sys_exit.o
        16          0          0         96         68   libspace.o
       168          0          0          0         60   __main.o
        24          0          0          0         80   rt_fp_status_addr.o
        20          0          0          0         80   exit.o
       184          0          0          0        136   lib_init.o
        28          0          0          0         80   fpinit.o

    ------------------------------------------------------------------------
       844          0          0         96        940   Library Totals

    ------------------------------------------------------------------------

      Code    RO Data    RW Data    ZI Data      Debug   Library Name

        28          0          0          0         80   f_t_p.l
       816          0          0         96        860   c_t__un.l

    ------------------------------------------------------------------------
       844          0          0         96        940   Library Totals

    ------------------------------------------------------------------------

================================================================================


      Code    RO Data    RW Data    ZI Data      Debug   

      2640        228        180       2128      28024   Grand Totals

================================================================================

    Total RO  Size(Code + RO Data)                 2868 (   2.80kB)
    Total RW  Size(RW Data + ZI Data)              2308 (   2.25kB)
    Total ROM Size(Code + RO Data + RW Data)       3048 (   2.98kB)

================================================================================

